app/medios/MediaDashboardClient.tsx(8,82): error TS2440: Import declaration conflicts with local declaration of 'ChevronRight'.
